[   16333ms] [INFO] %cDownload the React DevTools for a better development experience: https://reactjs.org/link/react-devtools font-weight:bold @ webpack-internal:///(app-pages-browser)/./node_modules/.pnpm/next@14.1.4_react-dom@18.2.0_react@18.2.0__react@18.2.0/node_modules/next/dist/compiled/react-dom/cjs/react-dom.development.js:38387
[   23573ms] [WARNING] Image with src "/carousel/photo4.jpg" has legacy prop "layout". Did you forget to run the codemod?
Read more: https://nextjs.org/docs/messages/next-image-upgrade-to-13 @ webpack-internal:///(app-pages-browser)/./node_modules/.pnpm/next@14.1.4_react-dom@18.2.0_react@18.2.0__react@18.2.0/node_modules/next/dist/shared/lib/utils/warn-once.js:15
[   23573ms] [WARNING] Image with src "/carousel/photo4.jpg" has legacy prop "objectFit". Did you forget to run the codemod?
Read more: https://nextjs.org/docs/messages/next-image-upgrade-to-13 @ webpack-internal:///(app-pages-browser)/./node_modules/.pnpm/next@14.1.4_react-dom@18.2.0_react@18.2.0__react@18.2.0/node_modules/next/dist/shared/lib/utils/warn-once.js:15
[   23576ms] [WARNING] Image with src "/carousel/huawei-celebration.jpg" has legacy prop "layout". Did you forget to run the codemod?
Read more: https://nextjs.org/docs/messages/next-image-upgrade-to-13 @ webpack-internal:///(app-pages-browser)/./node_modules/.pnpm/next@14.1.4_react-dom@18.2.0_react@18.2.0__react@18.2.0/node_modules/next/dist/shared/lib/utils/warn-once.js:15
[   23576ms] [WARNING] Image with src "/carousel/huawei-celebration.jpg" has legacy prop "objectFit". Did you forget to run the codemod?
Read more: https://nextjs.org/docs/messages/next-image-upgrade-to-13 @ webpack-internal:///(app-pages-browser)/./node_modules/.pnpm/next@14.1.4_react-dom@18.2.0_react@18.2.0__react@18.2.0/node_modules/next/dist/shared/lib/utils/warn-once.js:15
[   23577ms] [WARNING] Image with src "/carousel/pertauliahan-single.jpg" has legacy prop "layout". Did you forget to run the codemod?
Read more: https://nextjs.org/docs/messages/next-image-upgrade-to-13 @ webpack-internal:///(app-pages-browser)/./node_modules/.pnpm/next@14.1.4_react-dom@18.2.0_react@18.2.0__react@18.2.0/node_modules/next/dist/shared/lib/utils/warn-once.js:15
[   23578ms] [WARNING] Image with src "/carousel/pertauliahan-single.jpg" has legacy prop "objectFit". Did you forget to run the codemod?
Read more: https://nextjs.org/docs/messages/next-image-upgrade-to-13 @ webpack-internal:///(app-pages-browser)/./node_modules/.pnpm/next@14.1.4_react-dom@18.2.0_react@18.2.0__react@18.2.0/node_modules/next/dist/shared/lib/utils/warn-once.js:15
[   23579ms] [WARNING] Image with src "/carousel/pertauliahan.jpg" has legacy prop "layout". Did you forget to run the codemod?
Read more: https://nextjs.org/docs/messages/next-image-upgrade-to-13 @ webpack-internal:///(app-pages-browser)/./node_modules/.pnpm/next@14.1.4_react-dom@18.2.0_react@18.2.0__react@18.2.0/node_modules/next/dist/shared/lib/utils/warn-once.js:15
[   23579ms] [WARNING] Image with src "/carousel/pertauliahan.jpg" has legacy prop "objectFit". Did you forget to run the codemod?
Read more: https://nextjs.org/docs/messages/next-image-upgrade-to-13 @ webpack-internal:///(app-pages-browser)/./node_modules/.pnpm/next@14.1.4_react-dom@18.2.0_react@18.2.0__react@18.2.0/node_modules/next/dist/shared/lib/utils/warn-once.js:15
[   23580ms] [WARNING] Image with src "/carousel/commissiong-ball.jpg" has legacy prop "layout". Did you forget to run the codemod?
Read more: https://nextjs.org/docs/messages/next-image-upgrade-to-13 @ webpack-internal:///(app-pages-browser)/./node_modules/.pnpm/next@14.1.4_react-dom@18.2.0_react@18.2.0__react@18.2.0/node_modules/next/dist/shared/lib/utils/warn-once.js:15
[   23580ms] [WARNING] Image with src "/carousel/commissiong-ball.jpg" has legacy prop "objectFit". Did you forget to run the codemod?
Read more: https://nextjs.org/docs/messages/next-image-upgrade-to-13 @ webpack-internal:///(app-pages-browser)/./node_modules/.pnpm/next@14.1.4_react-dom@18.2.0_react@18.2.0__react@18.2.0/node_modules/next/dist/shared/lib/utils/warn-once.js:15
[   23581ms] [WARNING] Image with src "/carousel/photo8.jpg" has legacy prop "layout". Did you forget to run the codemod?
Read more: https://nextjs.org/docs/messages/next-image-upgrade-to-13 @ webpack-internal:///(app-pages-browser)/./node_modules/.pnpm/next@14.1.4_react-dom@18.2.0_react@18.2.0__react@18.2.0/node_modules/next/dist/shared/lib/utils/warn-once.js:15
[   23581ms] [WARNING] Image with src "/carousel/photo8.jpg" has legacy prop "objectFit". Did you forget to run the codemod?
Read more: https://nextjs.org/docs/messages/next-image-upgrade-to-13 @ webpack-internal:///(app-pages-browser)/./node_modules/.pnpm/next@14.1.4_react-dom@18.2.0_react@18.2.0__react@18.2.0/node_modules/next/dist/shared/lib/utils/warn-once.js:15
[   23582ms] [WARNING] Image with src "/carousel/photo7.jpg" has legacy prop "layout". Did you forget to run the codemod?
Read more: https://nextjs.org/docs/messages/next-image-upgrade-to-13 @ webpack-internal:///(app-pages-browser)/./node_modules/.pnpm/next@14.1.4_react-dom@18.2.0_react@18.2.0__react@18.2.0/node_modules/next/dist/shared/lib/utils/warn-once.js:15
[   23583ms] [WARNING] Image with src "/carousel/photo7.jpg" has legacy prop "objectFit". Did you forget to run the codemod?
Read more: https://nextjs.org/docs/messages/next-image-upgrade-to-13 @ webpack-internal:///(app-pages-browser)/./node_modules/.pnpm/next@14.1.4_react-dom@18.2.0_react@18.2.0__react@18.2.0/node_modules/next/dist/shared/lib/utils/warn-once.js:15
[   23587ms] [WARNING] Image with src "/carousel/photo1.jpg" has legacy prop "layout". Did you forget to run the codemod?
Read more: https://nextjs.org/docs/messages/next-image-upgrade-to-13 @ webpack-internal:///(app-pages-browser)/./node_modules/.pnpm/next@14.1.4_react-dom@18.2.0_react@18.2.0__react@18.2.0/node_modules/next/dist/shared/lib/utils/warn-once.js:15
[   23587ms] [WARNING] Image with src "/carousel/photo1.jpg" has legacy prop "objectFit". Did you forget to run the codemod?
Read more: https://nextjs.org/docs/messages/next-image-upgrade-to-13 @ webpack-internal:///(app-pages-browser)/./node_modules/.pnpm/next@14.1.4_react-dom@18.2.0_react@18.2.0__react@18.2.0/node_modules/next/dist/shared/lib/utils/warn-once.js:15
[   23588ms] [WARNING] Image with src "/carousel/photo2.jpg" has legacy prop "layout". Did you forget to run the codemod?
Read more: https://nextjs.org/docs/messages/next-image-upgrade-to-13 @ webpack-internal:///(app-pages-browser)/./node_modules/.pnpm/next@14.1.4_react-dom@18.2.0_react@18.2.0__react@18.2.0/node_modules/next/dist/shared/lib/utils/warn-once.js:15
[   23588ms] [WARNING] Image with src "/carousel/photo2.jpg" has legacy prop "objectFit". Did you forget to run the codemod?
Read more: https://nextjs.org/docs/messages/next-image-upgrade-to-13 @ webpack-internal:///(app-pages-browser)/./node_modules/.pnpm/next@14.1.4_react-dom@18.2.0_react@18.2.0__react@18.2.0/node_modules/next/dist/shared/lib/utils/warn-once.js:15
[   23589ms] [WARNING] Image with src "/carousel/photo3.jpg" has legacy prop "layout". Did you forget to run the codemod?
Read more: https://nextjs.org/docs/messages/next-image-upgrade-to-13 @ webpack-internal:///(app-pages-browser)/./node_modules/.pnpm/next@14.1.4_react-dom@18.2.0_react@18.2.0__react@18.2.0/node_modules/next/dist/shared/lib/utils/warn-once.js:15
[   23589ms] [WARNING] Image with src "/carousel/photo3.jpg" has legacy prop "objectFit". Did you forget to run the codemod?
Read more: https://nextjs.org/docs/messages/next-image-upgrade-to-13 @ webpack-internal:///(app-pages-browser)/./node_modules/.pnpm/next@14.1.4_react-dom@18.2.0_react@18.2.0__react@18.2.0/node_modules/next/dist/shared/lib/utils/warn-once.js:15
[   23590ms] [WARNING] Image with src "/carousel/photo5.jpg" has legacy prop "layout". Did you forget to run the codemod?
Read more: https://nextjs.org/docs/messages/next-image-upgrade-to-13 @ webpack-internal:///(app-pages-browser)/./node_modules/.pnpm/next@14.1.4_react-dom@18.2.0_react@18.2.0__react@18.2.0/node_modules/next/dist/shared/lib/utils/warn-once.js:15
[   23590ms] [WARNING] Image with src "/carousel/photo5.jpg" has legacy prop "objectFit". Did you forget to run the codemod?
Read more: https://nextjs.org/docs/messages/next-image-upgrade-to-13 @ webpack-internal:///(app-pages-browser)/./node_modules/.pnpm/next@14.1.4_react-dom@18.2.0_react@18.2.0__react@18.2.0/node_modules/next/dist/shared/lib/utils/warn-once.js:15
[   23746ms] [WARNING] Image with src "/logo/mobifone.png" has either width or height modified, but not the other. If you use CSS to change the size of your image, also include the styles 'width: "auto"' or 'height: "auto"' to maintain the aspect ratio. @ webpack-internal:///(app-pages-browser)/./node_modules/.pnpm/next@14.1.4_react-dom@18.2.0_react@18.2.0__react@18.2.0/node_modules/next/dist/shared/lib/utils/warn-once.js:15
[   23747ms] [WARNING] Image with src "/logo/umobile.jpg" has either width or height modified, but not the other. If you use CSS to change the size of your image, also include the styles 'width: "auto"' or 'height: "auto"' to maintain the aspect ratio. @ webpack-internal:///(app-pages-browser)/./node_modules/.pnpm/next@14.1.4_react-dom@18.2.0_react@18.2.0__react@18.2.0/node_modules/next/dist/shared/lib/utils/warn-once.js:15
[   23747ms] [WARNING] Image with src "/logo/hlf-cooling-logo.webp" has either width or height modified, but not the other. If you use CSS to change the size of your image, also include the styles 'width: "auto"' or 'height: "auto"' to maintain the aspect ratio. @ webpack-internal:///(app-pages-browser)/./node_modules/.pnpm/next@14.1.4_react-dom@18.2.0_react@18.2.0__react@18.2.0/node_modules/next/dist/shared/lib/utils/warn-once.js:15
[   23747ms] [WARNING] Image with src "/logo/aito.png" has either width or height modified, but not the other. If you use CSS to change the size of your image, also include the styles 'width: "auto"' or 'height: "auto"' to maintain the aspect ratio. @ webpack-internal:///(app-pages-browser)/./node_modules/.pnpm/next@14.1.4_react-dom@18.2.0_react@18.2.0__react@18.2.0/node_modules/next/dist/shared/lib/utils/warn-once.js:15
[   23747ms] [WARNING] Image with src "/logo/pcc.webp" has either width or height modified, but not the other. If you use CSS to change the size of your image, also include the styles 'width: "auto"' or 'height: "auto"' to maintain the aspect ratio. @ webpack-internal:///(app-pages-browser)/./node_modules/.pnpm/next@14.1.4_react-dom@18.2.0_react@18.2.0__react@18.2.0/node_modules/next/dist/shared/lib/utils/warn-once.js:15
[   23747ms] [WARNING] Image with src "/logo/sags.png" has either width or height modified, but not the other. If you use CSS to change the size of your image, also include the styles 'width: "auto"' or 'height: "auto"' to maintain the aspect ratio. @ webpack-internal:///(app-pages-browser)/./node_modules/.pnpm/next@14.1.4_react-dom@18.2.0_react@18.2.0__react@18.2.0/node_modules/next/dist/shared/lib/utils/warn-once.js:15
[   23748ms] [WARNING] Image with src "/logo/chumbaka.png" has either width or height modified, but not the other. If you use CSS to change the size of your image, also include the styles 'width: "auto"' or 'height: "auto"' to maintain the aspect ratio. @ webpack-internal:///(app-pages-browser)/./node_modules/.pnpm/next@14.1.4_react-dom@18.2.0_react@18.2.0__react@18.2.0/node_modules/next/dist/shared/lib/utils/warn-once.js:15
[   24217ms] [LOG] [Fast Refresh] rebuilding @ webpack-internal:///(app-pages-browser)/./node_modules/.pnpm/next@14.1.4_react-dom@18.2.0_react@18.2.0__react@18.2.0/node_modules/next/dist/client/components/react-dev-overlay/hot-reloader-client.js:180
[   24238ms] [LOG] %c[Vercel Web Analytics]%c Debug mode is enabled by default in development. No requests will be sent to the server. color: rgb(120, 120, 120) color: inherit @ https://va.vercel-scripts.com/v1/script.debug.js:0
[   24239ms] [LOG] %c[Vercel Web Analytics]%c [view] http://localhost:38765/ color: rgb(120, 120, 120) color: inherit {o: http://localhost:38765/, sv: 0.1.3, sdkn: @vercel/analytics/react, sdkv: 1.2.2, ts: 1789352264638} /_vercel/insights/view @ https://va.vercel-scripts.com/v1/script.debug.js:0
[   24273ms] [LOG] %c[Vercel Speed Insights]%c Debug mode is enabled by default in development. No requests will be sent to the server. color: rgb(120, 120, 120) color: inherit @ https://va.vercel-scripts.com/v1/speed-insights/script.debug.js:0
[   24665ms] [ERROR] Warning: React does not recognize the `%s` prop on a DOM element. If you intentionally want it to appear in the DOM as a custom attribute, spell it as lowercase `%s` instead. If you accidentally passed it from a parent component, remove it from the DOM element.%s allowTransparency allowtransparency 
    at iframe
    at div
    at div
    at div
    at WelcomePopup (webpack-internal:///(app-pages-browser)/./components/WelcomePopup.tsx:15:80)
    at Main (webpack-internal:///(app-pages-browser)/./components/main.tsx:29:99)
    at InnerLayoutRouter (webpack-internal:///(app-pages-browser)/./node_modules/.pnpm/next@14.1.4_react-dom@18.2.0_react@18.2.0__react@18.2.0/node_modules/next/dist/client/components/layout-router.js:242:11)
    at RedirectErrorBoundary (webpack-internal:///(app-pages-browser)/./node_modules/.pnpm/next@14.1.4_react-dom@18.2.0_react@18.2.0__react@18.2.0/node_modules/next/dist/client/components/redirect-boundary.js:74:9)
    at RedirectBoundary (webpack-internal:///(app-pages-browser)/./node_modules/.pnpm/next@14.1.4_react-dom@18.2.0_react@18.2.0__react@18.2.0/node_modules/next/dist/client/components/redirect-boundary.js:82:11)
    at NotFoundErrorBoundary (webpack-internal:///(app-pages-browser)/./node_modules/.pnpm/next@14.1.4_react-dom@18.2.0_react@18.2.0__react@18.2.0/node_modules/next/dist/client/components/not-found-boundary.js:76:9)
    at NotFoundBoundary (webpack-internal:///(app-pages-browser)/./node_modules/.pnpm/next@14.1.4_react-dom@18.2.0_react@18.2.0__react@18.2.0/node_modules/next/dist/client/components/not-found-boundary.js:84:11)
    at LoadingBoundary (webpack-internal:///(app-pages-browser)/./node_modules/.pnpm/next@14.1.4_react-dom@18.2.0_react@18.2.0__react@18.2.0/node_modules/next/dist/client/components/layout-router.js:340:11)
    at ErrorBoundary (webpack-internal:///(app-pages-browser)/./node_modules/.pnpm/next@14.1.4_react-dom@18.2.0_react@18.2.0__react@18.2.0/node_modules/next/dist/client/components/error-boundary.js:162:11)
    at InnerScrollAndFocusHandler (webpack-internal:///(app-pages-browser)/./node_modules/.pnpm/next@14.1.4_react-dom@18.2.0_react@18.2.0__react@18.2.0/node_modules/next/dist/client/components/layout-router.js:152:9)
    at ScrollAndFocusHandler (webpack-internal:///(app-pages-browser)/./node_modules/.pnpm/next@14.1.4_react-dom@18.2.0_react@18.2.0__react@18.2.0/node_modules/next/dist/client/components/layout-router.js:227:11)
    at RenderFromTemplateContext (webpack-internal:///(app-pages-browser)/./node_modules/.pnpm/next@14.1.4_react-dom@18.2.0_react@18.2.0__react@18.2.0/node_modules/next/dist/client/components/render-from-template-context.js:16:44)
    at OuterLayoutRouter (webpack-internal:///(app-pages-browser)/./node_modules/.pnpm/next@14.1.4_react-dom@18.2.0_react@18.2.0__react@18.2.0/node_modules/next/dist/client/components/layout-router.js:359:11)
    at O (webpack-internal:///(app-pages-browser)/./node_modules/.pnpm/next-themes@0.3.0_react-dom_7fc5cfe33837ce063bd4b6b46edbce25/node_modules/next-themes/dist/index.mjs:28:24)
    at z (webpack-internal:///(app-pages-browser)/./node_modules/.pnpm/next-themes@0.3.0_react-dom_7fc5cfe33837ce063bd4b6b46edbce25/node_modules/next-themes/dist/index.mjs:21:47)
    at body
    at html
    at RedirectErrorBoundary (webpack-internal:///(app-pages-browser)/./node_modules/.pnpm/next@14.1.4_react-dom@18.2.0_react@18.2.0__react@18.2.0/node_modules/next/dist/client/components/redirect-boundary.js:74:9)
    at RedirectBoundary (webpack-internal:///(app-pages-browser)/./node_modules/.pnpm/next@14.1.4_react-dom@18.2.0_react@18.2.0__react@18.2.0/node_modules/next/dist/client/components/redirect-boundary.js:82:11)
    at NotFoundErrorBoundary (webpack-internal:///(app-pages-browser)/./node_modules/.pnpm/next@14.1.4_react-dom@18.2.0_react@18.2.0__react@18.2.0/node_modules/next/dist/client/components/not-found-boundary.js:76:9)
    at NotFoundBoundary (webpack-internal:///(app-pages-browser)/./node_modules/.pnpm/next@14.1.4_react-dom@18.2.0_react@18.2.0__react@18.2.0/node_modules/next/dist/client/components/not-found-boundary.js:84:11)
    at DevRootNotFoundBoundary (webpack-internal:///(app-pages-browser)/./node_modules/.pnpm/next@14.1.4_react-dom@18.2.0_react@18.2.0__react@18.2.0/node_modules/next/dist/client/components/dev-root-not-found-boundary.js:33:11)
    at ReactDevOverlay (webpack-internal:///(app-pages-browser)/./node_modules/.pnpm/next@14.1.4_react-dom@18.2.0_react@18.2.0__react@18.2.0/node_modules/next/dist/client/components/react-dev-overlay/internal/ReactDevOverlay.js:84:9)
    at HotReload (webpack-internal:///(app-pages-browser)/./node_modules/.pnpm/next@14.1.4_react-dom@18.2.0_react@18.2.0__react@18.2.0/node_modules/next/dist/client/components/react-dev-overlay/hot-reloader-client.js:307:11)
    at Router (webpack-internal:///(app-pages-browser)/./node_modules/.pnpm/next@14.1.4_react-dom@18.2.0_react@18.2.0__react@18.2.0/node_modules/next/dist/client/components/app-router.js:182:11)
    at ErrorBoundaryHandler (webpack-internal:///(app-pages-browser)/./node_modules/.pnpm/next@14.1.4_react-dom@18.2.0_react@18.2.0__react@18.2.0/node_modules/next/dist/client/components/error-boundary.js:115:9)
    at ErrorBoundary (webpack-internal:///(app-pages-browser)/./node_modules/.pnpm/next@14.1.4_react-dom@18.2.0_react@18.2.0__react@18.2.0/node_modules/next/dist/client/components/error-boundary.js:162:11)
    at AppRouter (webpack-internal:///(app-pages-browser)/./node_modules/.pnpm/next@14.1.4_react-dom@18.2.0_react@18.2.0__react@18.2.0/node_modules/next/dist/client/components/app-router.js:542:13)
    at ServerRoot (webpack-internal:///(app-pages-browser)/./node_modules/.pnpm/next@14.1.4_react-dom@18.2.0_react@18.2.0__react@18.2.0/node_modules/next/dist/client/app-index.js:129:11)
    at RSCComponent
    at Root (webpack-internal:///(app-pages-browser)/./node_modules/.pnpm/next@14.1.4_react-dom@18.2.0_react@18.2.0__react@18.2.0/node_modules/next/dist/client/app-index.js:145:11) @ webpack-internal:///(app-pages-browser)/./node_modules/.pnpm/next@14.1.4_react-dom@18.2.0_react@18.2.0__react@18.2.0/node_modules/next/dist/client/app-index.js:34
[   34615ms] [WARNING] Error with Permissions-Policy header: Unrecognized feature: 'attribution-reporting'. @ :0
[   35534ms] [ERROR] Failed to load resource: the server responded with a status of 500 (Internal Server Error) @ http://localhost:38765/favicon.ico:0
[  131318ms] [WARNING] Image with src "/logo/vercel.png" has either width or height modified, but not the other. If you use CSS to change the size of your image, also include the styles 'width: "auto"' or 'height: "auto"' to maintain the aspect ratio. @ webpack-internal:///(app-pages-browser)/./node_modules/.pnpm/next@14.1.4_react-dom@18.2.0_react@18.2.0__react@18.2.0/node_modules/next/dist/shared/lib/utils/warn-once.js:15
[  139462ms] [LOG] %c[Vercel Speed Insights]%c [vitals] color: rgb(120, 120, 120) color: inherit {speed: 4g, metrics: Array(4), scriptVersion: 0.1.3, sdkName: @vercel/speed-insights/next, sdkVersion: 1.0.10} /_vercel/speed-insights/vitals @ https://va.vercel-scripts.com/v1/speed-insights/script.debug.js:0
[  139606ms] [LOG] %c[Vercel Web Analytics]%c [view] http://localhost:38765/projects/mobifone-vietnam color: rgb(120, 120, 120) color: inherit {o: http://localhost:38765/projects/mobifone-vietnam, sv: 0.1.3, sdkn: @vercel/analytics/react, sdkv: 1.2.2, ts: 1789352379860} /_vercel/insights/view @ https://va.vercel-scripts.com/v1/script.debug.js:0
[  139686ms] [LOG] [Fast Refresh] rebuilding @ webpack-internal:///(app-pages-browser)/./node_modules/.pnpm/next@14.1.4_react-dom@18.2.0_react@18.2.0__react@18.2.0/node_modules/next/dist/client/components/react-dev-overlay/hot-reloader-client.js:180
[  140659ms] [ERROR] Failed to load resource: the server responded with a status of 500 (Internal Server Error) @ http://localhost:38765/favicon.ico:0
[  145923ms] [LOG] %c[Vercel Web Analytics]%c [view] http://localhost:38765/ color: rgb(120, 120, 120) color: inherit {o: http://localhost:38765/, sv: 0.1.3, sdkn: @vercel/analytics/react, sdkv: 1.2.2, ts: 1789352386322} /_vercel/insights/view @ https://va.vercel-scripts.com/v1/script.debug.js:0
[  146006ms] [ERROR] Failed to load resource: the server responded with a status of 500 (Internal Server Error) @ http://localhost:38765/favicon.ico:0
[  151159ms] [LOG] %c[Vercel Web Analytics]%c [view] http://localhost:38765/projects/umobile-5g color: rgb(120, 120, 120) color: inherit {o: http://localhost:38765/projects/umobile-5g, sv: 0.1.3, sdkn: @vercel/analytics/react, sdkv: 1.2.2, ts: 1789352391524} /_vercel/insights/view @ https://va.vercel-scripts.com/v1/script.debug.js:0
[  151254ms] [ERROR] Failed to load resource: the server responded with a status of 500 (Internal Server Error) @ http://localhost:38765/favicon.ico:0
[  154782ms] [LOG] %c[Vercel Speed Insights]%c [vitals] color: rgb(120, 120, 120) color: inherit {speed: 4g, metrics: Array(1), scriptVersion: 0.1.3, sdkName: @vercel/speed-insights/next, sdkVersion: 1.0.10} /_vercel/speed-insights/vitals @ https://va.vercel-scripts.com/v1/speed-insights/script.debug.js:0
[  154783ms] [LOG] %c[Vercel Speed Insights]%c [vitals] color: rgb(120, 120, 120) color: inherit {speed: 4g, metrics: Array(1), scriptVersion: 0.1.3, sdkName: @vercel/speed-insights/next, sdkVersion: 1.0.10} /_vercel/speed-insights/vitals @ https://va.vercel-scripts.com/v1/speed-insights/script.debug.js:0
